
> web@0.1.0 test
> vitest --run __tests__/components/RosterScheduleOptimizer/RosterScheduleOptimizer.test.tsx -t sends the signed-in token when saving


 RUN  v3.2.7 /Users/tim/Code/fhfhockey.com/web

(node:1664) [DEP0040] DeprecationWarning: The `punycode` module is deprecated. Please use a userland alternative instead.
(Use `node --trace-deprecation ...` to show where the warning was created)
 ❯ __tests__/components/RosterScheduleOptimizer/RosterScheduleOptimizer.test.tsx (19 tests | 1 failed | 18 skipped) 170ms
   ↓ RosterScheduleOptimizer workspace > shows the actual bench tradeoff and public assumptions within the selected date
   ↓ RosterScheduleOptimizer workspace > keeps unsupported bench decisions unresolved and separates locks from scoring reasons
   ↓ RosterScheduleOptimizer workspace > shows category results and projected goalie assumptions without claiming a satisfied minimum
   ↓ RosterScheduleOptimizer workspace > guides an empty manual workspace to existing inputs without implying acquisition readiness
   ↓ RosterScheduleOptimizer workspace > requires input review and renews it after rule changes without certifying unknown scoring
   ↓ RosterScheduleOptimizer workspace > uses eligible full-team evidence for goalie starts without capping conflicts or reviving legacy rows
   ↓ RosterScheduleOptimizer workspace > labels the selected statistical source and its permitted uses without implying a total
   ↓ RosterScheduleOptimizer workspace > shows only each target's selected source timestamps across mixed inputs and replay
   ↓ RosterScheduleOptimizer workspace > labels unverified lineups as schedule capacity
   ↓ RosterScheduleOptimizer workspace > distinguishes identically named Yahoo teams by league and selects the matching context
   ↓ RosterScheduleOptimizer workspace > counts only acquired players' future games before their next drop
   ↓ RosterScheduleOptimizer workspace > keeps exact canonical selections and unresolved pasted names across remount
   ↓ RosterScheduleOptimizer workspace > undoes local roster edits without changing the public snapshot
   ↓ RosterScheduleOptimizer workspace > marks a future selected add conditional until the provider confirms it
   ↓ RosterScheduleOptimizer workspace > uses the signed-in session for access and account reads, then refreshes after account switch
   ↓ RosterScheduleOptimizer workspace > explains access-service failures instead of silently disabling provider sync
   × RosterScheduleOptimizer workspace > sends the signed-in token when saving the workspace 169ms
     → expected <div class="_notice_52fb3c" …(1)></div> to be null
   ↓ RosterScheduleOptimizer workspace > keeps invalid zone and cleared period dates out of committed rules
   ↓ RosterScheduleOptimizer workspace > opens a saved manual snapshot read-only until the manager explicitly forks it

⎯⎯⎯⎯⎯⎯⎯ Failed Tests 1 ⎯⎯⎯⎯⎯⎯⎯

 FAIL  __tests__/components/RosterScheduleOptimizer/RosterScheduleOptimizer.test.tsx > RosterScheduleOptimizer workspace > sends the signed-in token when saving the workspace
AssertionError: expected <div class="_notice_52fb3c" …(1)></div> to be null

- Expected: 
null

+ Received: 
<div
  class="_notice_52fb3c"
  role="status"
>
  Saved to account.
</div>

 ❯ __tests__/components/RosterScheduleOptimizer/RosterScheduleOptimizer.test.tsx:417:53


⎯⎯⎯⎯⎯⎯⎯⎯⎯⎯⎯⎯⎯⎯⎯⎯⎯⎯⎯⎯⎯⎯⎯⎯[1/1]⎯


 Test Files  1 failed (1)
      Tests  1 failed | 18 skipped (19)
   Start at  23:39:11
   Duration  907ms (transform 250ms, setup 3ms, collect 403ms, tests 170ms, environment 137ms, prepare 35ms)

