// Vitest Snapshot v1, https://vitest.dev/guide/snapshot.html

exports[`/api/v1/forge/goalies > returns stable response shape with model/scenario/calibration metadata 1`] = `
{
  "asOfDate": "2026-02-07",
  "calibrationHints": {
    "goalsAgainstMae30d": 1.22,
    "goalsAllowedIntervalHitRate": 0.75,
    "projectionDate": "2026-02-07",
    "sampleCount30d": 142,
    "savesIntervalHitRate": 0.79,
    "savesMae30d": 3.88,
    "shutoutBrier": 0.07,
    "sourceDate": "2026-02-06",
    "starterBrier": 0.19,
    "winBrier": 0.21,
  },
  "data": [
    {
      "blowup_risk": 0.22,
      "confidence_tier": "MEDIUM",
      "goalie_id": 8474593,
      "goalie_name": "Jacob Markstrom",
      "modeled_save_pct": 0.892,
      "opponent_team_abbreviation": "NYI",
      "opponent_team_id": 2,
      "opponent_team_name": "Islanders",
      "proj_goals_allowed": 3.1,
      "proj_saves": 24.1,
      "proj_shots_against": 27.2,
      "proj_shutout_prob": 0.05,
      "proj_win_prob": 0.53,
      "quality_tier": "ABOVE_AVERAGE",
      "recommendation": "START",
      "reliability_tier": "MODERATE",
      "starter_probability": 0.61,
      "team_abbreviation": "NJD",
      "team_id": 1,
      "team_name": "Devils",
      "uncertainty": {
        "model": {
          "blowup_risk": 0.22,
          "confidence_tier": "MEDIUM",
          "quality_tier": "ABOVE_AVERAGE",
          "recommendation": "START",
          "reliability_tier": "MODERATE",
          "save_pct": 0.892,
          "scenario_metadata": {
            "model_version": "starter-scenario-v1",
            "top2_scenario_count": 2,
          },
          "starter_selection": {
            "scenario_projection_count": 2,
          },
          "volatility_index": 1.18,
        },
      },
      "volatility_index": 1.18,
    },
  ],
  "diagnostics": {
    "emptyResultAnalysis": {
      "isEmpty": false,
      "requestedContextChanged": false,
    },
    "fallback": {
      "applied": false,
      "candidateAsOfDate": null,
      "candidateRowCount": null,
      "candidateRunId": null,
      "enabled": true,
    },
    "notes": [],
    "requested": {
      "date": "2026-02-07",
      "rowCount": 1,
      "runCreatedAt": "2026-02-07T10:05:00.000Z",
      "runId": "run-123",
      "runMetrics": {
        "goalie_rows": 32,
      },
      "runStatus": "succeeded",
      "scheduledGamesOnDate": 8,
    },
    "resolved": {
      "date": "2026-02-07",
      "rowCount": 1,
      "runCreatedAt": "2026-02-07T10:05:00.000Z",
      "runId": "run-123",
      "runMetrics": {
        "goalie_rows": 32,
      },
      "runStatus": "succeeded",
      "scheduledGamesOnDate": 8,
    },
    "rowCount": 1,
    "runCreatedAt": "2026-02-07T10:05:00.000Z",
    "runMetrics": {
      "goalie_rows": 32,
    },
    "runStatus": "succeeded",
    "scheduledGamesOnDate": 8,
  },
  "durationMs": "00:00",
  "fallbackApplied": false,
  "fallbackToLatestWithData": true,
  "horizonGames": 1,
  "modelVersion": "starter-scenario-v1",
  "requestedDate": "2026-02-07",
  "requestedRunId": "run-123",
  "runId": "run-123",
  "scenarioCount": 2,
}
`;
